\BOOKMARK [1][-]{section.1}{\376\377\000A\000b\000s\000t\000r\000a\000c\000t}{}% 1
\BOOKMARK [1][-]{section.2}{\376\377\000I\000n\000t\000r\000o\000d\000u\000c\000t\000i\000o\000n}{}% 2
\BOOKMARK [1][-]{section.3}{\376\377\000S\000e\000g\000r\000e\000g\000a\000t\000i\000o\000n\000\040\000a\000n\000d\000\040\000B\000l\000a\000c\000k\000-\000W\000h\000i\000t\000e\000\040\000I\000n\000e\000q\000u\000a\000l\000i\000t\000i\000e\000s}{}% 3
\BOOKMARK [1][-]{section.4}{\376\377\000R\000a\000c\000i\000a\000l\000\040\000S\000e\000g\000r\000e\000g\000a\000t\000i\000o\000n\000\040\000a\000n\000d\000\040\000P\000o\000l\000i\000t\000i\000c\000a\000l\000\040\000E\000c\000o\000n\000o\000m\000y}{}% 4
\BOOKMARK [2][-]{subsection.4.1}{\376\377\000N\000e\000i\000g\000h\000b\000o\000r\000h\000o\000o\000d\000\040\000E\000f\000f\000e\000c\000t\000s}{section.4}% 5
\BOOKMARK [2][-]{subsection.4.2}{\376\377\000P\000o\000l\000i\000t\000i\000c\000a\000l\000\040\000E\000c\000o\000n\000o\000m\000y\000\040\000o\000f\000\040\000P\000l\000a\000c\000e\000s}{section.4}% 6
\BOOKMARK [1][-]{section.5}{\376\377\000T\000h\000e\000\040\000P\000r\000e\000s\000e\000n\000t\000\040\000S\000t\000u\000d\000y}{}% 7
\BOOKMARK [1][-]{section.6}{\376\377\000D\000a\000t\000a}{}% 8
\BOOKMARK [2][-]{subsection.6.1}{\376\377\000L\000i\000n\000k\000e\000d\000\040\0001\0009\0004\0000\000\040\000C\000e\000n\000s\000u\000s\000\040\000a\000n\000d\000\040\000N\000u\000m\000i\000d\000e\000n\000t\000\040\000M\000o\000r\000t\000a\000l\000i\000t\000y\000\040\000D\000a\000t\000a}{section.6}% 9
\BOOKMARK [2][-]{subsection.6.2}{\376\377\000S\000e\000g\000r\000e\000g\000a\000t\000i\000o\000n\000\040\000E\000x\000p\000o\000s\000u\000r\000e\000\040\000a\000n\000d\000\040\000C\000o\000u\000n\000t\000y\000\040\000C\000h\000a\000r\000a\000c\000t\000e\000r\000i\000s\000t\000i\000c\000s\000\040\000a\000t\000\040\000D\000e\000a\000t\000h}{section.6}% 10
\BOOKMARK [2][-]{subsection.6.3}{\376\377\000R\000a\000i\000l\000r\000o\000a\000d\000\040\000a\000n\000d\000\040\000W\000a\000t\000e\000r\000w\000a\000y\000\040\000I\000n\000s\000t\000r\000u\000m\000e\000n\000t\000\040\000D\000a\000t\000a}{section.6}% 11
\BOOKMARK [2][-]{subsection.6.4}{\376\377\000P\000u\000b\000l\000i\000c\000\040\000S\000p\000e\000n\000d\000i\000n\000g\000\040\000D\000a\000t\000a}{section.6}% 12
\BOOKMARK [2][-]{subsection.6.5}{\376\377\000A\000n\000a\000l\000y\000t\000i\000c\000\040\000S\000a\000m\000p\000l\000e}{section.6}% 13
\BOOKMARK [1][-]{section.7}{\376\377\000E\000m\000p\000i\000r\000i\000c\000a\000l\000\040\000S\000t\000r\000a\000t\000e\000g\000y}{}% 14
\BOOKMARK [2][-]{subsection.7.1}{\376\377\000E\000s\000t\000i\000m\000a\000t\000i\000o\000n\000\040\000S\000t\000r\000a\000t\000e\000g\000y}{section.7}% 15
\BOOKMARK [1][-]{section.8}{\376\377\000R\000e\000s\000u\000l\000t\000s}{}% 16
\BOOKMARK [2][-]{subsection.8.1}{\376\377\000M\000a\000i\000n\000\040\000E\000s\000t\000i\000m\000a\000t\000e\000s\000\040\000o\000f\000\040\000S\000e\000g\000r\000e\000g\000a\000t\000i\000o\000n\000\040\000o\000n\000\040\000L\000o\000n\000g\000e\000v\000i\000t\000y}{section.8}% 17
\BOOKMARK [2][-]{subsection.8.2}{\376\377\000P\000o\000l\000i\000t\000i\000c\000a\000l\000-\000E\000c\000o\000n\000o\000m\000i\000c\000\040\000M\000e\000c\000h\000a\000n\000i\000s\000m\000s\000\040\000o\000f\000\040\000S\000e\000g\000r\000e\000g\000a\000t\000i\000o\000n}{section.8}% 18
\BOOKMARK [2][-]{subsection.8.3}{\376\377\000D\000o\000u\000b\000l\000e\000\040\000T\000r\000u\000n\000c\000a\000t\000i\000o\000n\000\040\000a\000n\000d\000\040\000M\000o\000r\000t\000a\000l\000i\000t\000y\000\040\000C\000r\000o\000s\000s\000o\000v\000e\000r}{section.8}% 19
\BOOKMARK [1][-]{section.9}{\376\377\000D\000i\000s\000c\000u\000s\000s\000i\000o\000n}{}% 20
\BOOKMARK [1][-]{section.10}{\376\377\000C\000o\000n\000c\000l\000u\000s\000i\000o\000n}{}% 21
\BOOKMARK [1][-]{section.11}{\376\377\000T\000a\000b\000l\000e\000s\000\040\000\046\000\040\000F\000i\000g\000u\000r\000e\000s\000\040}{}% 22
\BOOKMARK [1][-]{section.12}{\376\377\000A\000p\000p\000e\000n\000d\000i\000x\000\040\000A}{}% 23
\BOOKMARK [2][-]{subsection.12.1}{\376\377\000E\000x\000c\000l\000u\000s\000i\000o\000n\000\040\000R\000e\000s\000t\000r\000i\000c\000t\000i\000o\000n\000\040\000T\000e\000s\000t\000s}{section.12}% 24
\BOOKMARK [2][-]{subsection.12.2}{\376\377\000M\000o\000n\000o\000t\000o\000n\000i\000c\000i\000t\000y}{section.12}% 25
\BOOKMARK [2][-]{subsection.12.3}{\376\377\000H\000e\000t\000e\000r\000o\000g\000e\000n\000e\000i\000t\000y\000\040\000b\000y\000\040\000C\000o\000h\000o\000r\000t\000,\000\040\000G\000e\000n\000d\000e\000r\000,\000\040\000a\000n\000d\000\040\000E\000d\000u\000c\000a\000t\000i\000o\000n}{section.12}% 26
\BOOKMARK [2][-]{subsection.12.4}{\376\377\000B\000i\000r\000t\000h\000\040\000C\000o\000h\000o\000r\000t\000\040\000a\000n\000d\000\040\000M\000i\000l\000i\000t\000a\000r\000y\000\040\000S\000e\000r\000v\000i\000c\000e}{section.12}% 27
\BOOKMARK [2][-]{subsection.12.5}{\376\377\000G\000e\000n\000d\000e\000r}{section.12}% 28
\BOOKMARK [2][-]{subsection.12.6}{\376\377\000E\000d\000u\000c\000a\000t\000i\000o\000n}{section.12}% 29
